[0.000000] (-) TimerEvent: {}
[0.000301] (-) JobUnselected: {'identifier': 'diff_robot'}
[0.000412] (-) JobUnselected: {'identifier': 'diffdrive_arduino'}
[0.000457] (-) JobUnselected: {'identifier': 'serial'}
[0.000812] (robot_navigation) JobQueued: {'identifier': 'robot_navigation', 'dependencies': OrderedDict()}
[0.000864] (robot_navigation) JobStarted: {'identifier': 'robot_navigation'}
[0.017877] (robot_navigation) JobProgress: {'identifier': 'robot_navigation', 'progress': 'cmake'}
[0.018637] (robot_navigation) Command: {'cmd': ['/usr/bin/cmake', '/home/mahmoudkaoud/gproject_ws/src/robot_navigation', '-DCMAKE_INSTALL_PREFIX=/home/mahmoudkaoud/gproject_ws/src/install/robot_navigation'], 'cwd': '/home/mahmoudkaoud/gproject_ws/src/build/robot_navigation', 'env': OrderedDict([('GJS_DEBUG_TOPICS', 'JS ERROR;JS LOG'), ('LESSOPEN', '| /usr/bin/lesspipe %s'), ('VSCODE_CWD', '/home/mahmoudkaoud'), ('USER', 'mahmoudkaoud'), ('LC_TIME', 'en_US.UTF-8'), ('VSCODE_NLS_CONFIG', '{"userLocale":"en-us","osLocale":"en-us","resolvedLanguage":"en","defaultMessagesFile":"/usr/share/antigravity/resources/app/out/nls.messages.json","locale":"en-us","availableLanguages":{}}'), ('XDG_SESSION_TYPE', 'wayland'), ('STM32CubeMX_PATH', '/home/mahmoudkaoud/STM32CubeMX'), ('SHLVL', '0'), ('LD_LIBRARY_PATH', '/usr/lib/x86_64-linux-gnu/gazebo-11/plugins:/opt/ros/humble/opt/rviz_ogre_vendor/lib:/opt/ros/humble/lib/x86_64-linux-gnu:/opt/ros/humble/lib'), ('HOME', '/home/mahmoudkaoud'), ('CHROME_DESKTOP', 'antigravity.desktop'), ('DESKTOP_SESSION', 'ubuntu'), ('NVM_BIN', '/home/mahmoudkaoud/.nvm/versions/node/v20.20.2/bin'), ('NVM_INC', '/home/mahmoudkaoud/.nvm/versions/node/v20.20.2/include/node'), ('VSCODE_IPC_HOOK', '/run/user/1000/vscode-e903cf6d-1.10-main.sock'), ('GIO_LAUNCHED_DESKTOP_FILE', '/usr/share/applications/antigravity.desktop'), ('ROS_PYTHON_VERSION', '3'), ('GNOME_SHELL_SESSION_MODE', 'ubuntu'), ('GTK_MODULES', 'gail:atk-bridge'), ('PAGER', 'cat'), ('LC_MONETARY', 'en_US.UTF-8'), ('MANAGERPID', '1558'), ('SYSTEMD_EXEC_PID', '1723'), ('IM_CONFIG_CHECK_ENV', '1'), ('DBUS_SESSION_BUS_ADDRESS', 'unix:path=/run/user/1000/bus'), ('ANTIGRAVITY_AGENT', '1'), ('GIO_LAUNCHED_DESKTOP_FILE_PID', '107508'), ('NVM_DIR', '/home/mahmoudkaoud/.nvm'), ('IM_CONFIG_PHASE', '1'), ('WAYLAND_DISPLAY', 'wayland-0'), ('COLCON_PREFIX_PATH', '/home/mahmoudkaoud/gproject_ws/install'), ('ROS_DISTRO', 'humble'), ('LOGNAME', 'mahmoudkaoud'), ('_', '/usr/bin/colcon'), ('JOURNAL_STREAM', '8:12283'), ('ROS_VERSION', '2'), ('XDG_SESSION_CLASS', 'user'), ('USERNAME', 'mahmoudkaoud'), ('TERM', 'dumb'), ('GAZEBO_MODEL_PATH', ':/home/mahmoudkaoud/gproject_ws/src/'), ('GNOME_DESKTOP_SESSION_ID', 'this-is-deprecated'), ('FC_FONTATIONS', '1'), ('ROS_LOCALHOST_ONLY', '0'), ('ANTIGRAVITY_EDITOR_APP_ROOT', '/usr/share/antigravity/resources/app'), ('PATH', '/home/mahmoudkaoud/.local/bin:/home/mahmoudkaoud/.nvm/versions/node/v20.20.2/bin:/opt/ros/humble/bin:/home/mahmoudkaoud/.local/bin:/usr/local/sbin:/usr/local/bin:/usr/sbin:/usr/bin:/sbin:/bin:/usr/games:/usr/local/games:/snap/bin:/snap/bin'), ('SESSION_MANAGER', 'local/mahmoudkaoud-Latitude-E7470:@/tmp/.ICE-unix/1692,unix/mahmoudkaoud-Latitude-E7470:/tmp/.ICE-unix/1692'), ('INVOCATION_ID', '2e5daec33bd24a268904e5d34ad2b09d'), ('PAPERSIZE', 'letter'), ('XDG_MENU_PREFIX', 'gnome-'), ('LC_ADDRESS', 'en_US.UTF-8'), ('GNOME_SETUP_DISPLAY', ':1'), ('XDG_RUNTIME_DIR', '/run/user/1000'), ('GDK_BACKEND', 'wayland'), ('DISPLAY', ':0'), ('LANG', 'en_US.UTF-8'), ('XDG_CURRENT_DESKTOP', 'ubuntu:GNOME'), ('LC_TELEPHONE', 'en_US.UTF-8'), ('RMW_IMPLEMENTATION', 'rmw_cyclonedds_cpp'), ('XMODIFIERS', '@im=ibus'), ('XDG_SESSION_DESKTOP', 'ubuntu'), ('XAUTHORITY', '/run/user/1000/.mutter-Xwaylandauth.QWYPR3'), ('LS_COLORS', ''), ('SSH_AGENT_LAUNCHER', 'gnome-keyring'), ('SSH_AUTH_SOCK', '/run/user/1000/keyring/ssh'), ('AMENT_PREFIX_PATH', '/home/mahmoudkaoud/gproject_ws/install/robot_navigation:/home/mahmoudkaoud/gproject_ws/install/diff_robot:/opt/ros/humble'), ('SHELL', '/bin/bash'), ('LC_NAME', 'en_US.UTF-8'), ('QT_ACCESSIBILITY', '1'), ('GDMSESSION', 'ubuntu'), ('LESSCLOSE', '/usr/bin/lesspipe %s %s'), ('LC_MEASUREMENT', 'en_US.UTF-8'), ('GJS_DEBUG_OUTPUT', 'stderr'), ('LC_IDENTIFICATION', 'en_US.UTF-8'), ('QT_IM_MODULE', 'ibus'), ('ANTIGRAVITY_TRAJECTORY_ID', 'b59570ad-7a21-4563-b1fc-c0cdf0078d3d'), ('PWD', '/home/mahmoudkaoud/gproject_ws/src/build/robot_navigation'), ('LC_ALL', 'en_US.UTF-8'), ('XDG_CONFIG_DIRS', '/etc/xdg/xdg-ubuntu:/etc/xdg'), ('VSCODE_CODE_CACHE_PATH', '/home/mahmoudkaoud/.config/Antigravity/CachedData/15487b3041e65228cae24980a3f796c905ef582c'), ('NVM_CD_FLAGS', ''), ('XDG_DATA_DIRS', '/usr/share/ubuntu:/usr/local/share/:/usr/share/:/var/lib/snapd/desktop'), ('PYTHONPATH', '/opt/ros/humble/lib/python3.10/site-packages:/opt/ros/humble/local/lib/python3.10/dist-packages'), ('LC_NUMERIC', 'en_US.UTF-8'), ('LC_PAPER', 'en_US.UTF-8'), ('COLCON', '1'), ('CMAKE_PREFIX_PATH', '/home/mahmoudkaoud/gproject_ws/install/robot_navigation:/home/mahmoudkaoud/gproject_ws/install/diff_robot:/opt/ros/humble'), ('VSCODE_PID', '107508')]), 'shell': False}
[0.099196] (-) TimerEvent: {}
[0.126959] (robot_navigation) StdoutLine: {'line': b'-- The C compiler identification is GNU 11.4.0\n'}
[0.199274] (-) TimerEvent: {}
[0.234836] (robot_navigation) StdoutLine: {'line': b'-- The CXX compiler identification is GNU 11.4.0\n'}
[0.250555] (robot_navigation) StdoutLine: {'line': b'-- Detecting C compiler ABI info\n'}
[0.299401] (-) TimerEvent: {}
[0.368480] (robot_navigation) StdoutLine: {'line': b'-- Detecting C compiler ABI info - done\n'}
[0.378483] (robot_navigation) StdoutLine: {'line': b'-- Check for working C compiler: /usr/bin/cc - skipped\n'}
[0.378832] (robot_navigation) StdoutLine: {'line': b'-- Detecting C compile features\n'}
[0.379619] (robot_navigation) StdoutLine: {'line': b'-- Detecting C compile features - done\n'}
[0.384603] (robot_navigation) StdoutLine: {'line': b'-- Detecting CXX compiler ABI info\n'}
[0.399528] (-) TimerEvent: {}
[0.499835] (-) TimerEvent: {}
[0.521308] (robot_navigation) StdoutLine: {'line': b'-- Detecting CXX compiler ABI info - done\n'}
[0.534118] (robot_navigation) StdoutLine: {'line': b'-- Check for working CXX compiler: /usr/bin/c++ - skipped\n'}
[0.534773] (robot_navigation) StdoutLine: {'line': b'-- Detecting CXX compile features\n'}
[0.536166] (robot_navigation) StdoutLine: {'line': b'-- Detecting CXX compile features - done\n'}
[0.540672] (robot_navigation) StdoutLine: {'line': b'-- Found ament_cmake: 1.3.12 (/opt/ros/humble/share/ament_cmake/cmake)\n'}
[0.599959] (-) TimerEvent: {}
[0.700221] (-) TimerEvent: {}
[0.791150] (robot_navigation) StdoutLine: {'line': b'-- Found Python3: /usr/bin/python3 (found version "3.10.12") found components: Interpreter \n'}
[0.800657] (-) TimerEvent: {}
[0.902515] (-) TimerEvent: {}
[0.969897] (robot_navigation) StdoutLine: {'line': b'-- Found rclcpp: 16.0.14 (/opt/ros/humble/share/rclcpp/cmake)\n'}
[1.002640] (-) TimerEvent: {}
[1.050240] (robot_navigation) StdoutLine: {'line': b'-- Found rosidl_generator_c: 3.1.7 (/opt/ros/humble/share/rosidl_generator_c/cmake)\n'}
[1.055033] (robot_navigation) StdoutLine: {'line': b'-- Found rosidl_adapter: 3.1.7 (/opt/ros/humble/share/rosidl_adapter/cmake)\n'}
[1.070900] (robot_navigation) StdoutLine: {'line': b'-- Found rosidl_generator_cpp: 3.1.7 (/opt/ros/humble/share/rosidl_generator_cpp/cmake)\n'}
[1.094461] (robot_navigation) StdoutLine: {'line': b'-- Using all available rosidl_typesupport_c: rosidl_typesupport_fastrtps_c;rosidl_typesupport_introspection_c\n'}
[1.102753] (-) TimerEvent: {}
[1.122497] (robot_navigation) StdoutLine: {'line': b'-- Using all available rosidl_typesupport_cpp: rosidl_typesupport_fastrtps_cpp;rosidl_typesupport_introspection_cpp\n'}
[1.202887] (-) TimerEvent: {}
[1.211419] (robot_navigation) StdoutLine: {'line': b'-- Found rmw_implementation_cmake: 6.1.2 (/opt/ros/humble/share/rmw_implementation_cmake/cmake)\n'}
[1.216592] (robot_navigation) StdoutLine: {'line': b'-- Found rmw_cyclonedds_cpp: 1.3.4 (/opt/ros/humble/share/rmw_cyclonedds_cpp/cmake)\n'}
[1.274084] (robot_navigation) StdoutLine: {'line': b"-- Using RMW implementation 'rmw_cyclonedds_cpp' as default\n"}
[1.288911] (robot_navigation) StdoutLine: {'line': b'-- Looking for pthread.h\n'}
[1.303000] (-) TimerEvent: {}
[1.402994] (robot_navigation) StdoutLine: {'line': b'-- Looking for pthread.h - found\n'}
[1.403233] (-) TimerEvent: {}
[1.403444] (robot_navigation) StdoutLine: {'line': b'-- Performing Test CMAKE_HAVE_LIBC_PTHREAD\n'}
[1.503338] (-) TimerEvent: {}
[1.536324] (robot_navigation) StdoutLine: {'line': b'-- Performing Test CMAKE_HAVE_LIBC_PTHREAD - Success\n'}
[1.536617] (robot_navigation) StdoutLine: {'line': b'-- Found Threads: TRUE  \n'}
[1.603435] (-) TimerEvent: {}
[1.635014] (robot_navigation) StdoutLine: {'line': b'-- Found ament_lint_auto: 0.12.14 (/opt/ros/humble/share/ament_lint_auto/cmake)\n'}
[1.703536] (-) TimerEvent: {}
[1.770260] (robot_navigation) StdoutLine: {'line': b"-- Added test 'flake8' to check Python code syntax and style conventions\n"}
[1.771593] (robot_navigation) StdoutLine: {'line': b"-- Added test 'lint_cmake' to check CMake code style\n"}
[1.772724] (robot_navigation) StdoutLine: {'line': b"-- Added test 'pep257' to check Python code against some of the docstring style conventions in PEP 257\n"}
[1.776484] (robot_navigation) StdoutLine: {'line': b"-- Added test 'xmllint' to check XML markup files\n"}
[1.779285] (robot_navigation) StdoutLine: {'line': b'-- Configuring done\n'}
[1.786092] (robot_navigation) StdoutLine: {'line': b'-- Generating done\n'}
[1.790527] (robot_navigation) StdoutLine: {'line': b'-- Build files have been written to: /home/mahmoudkaoud/gproject_ws/src/build/robot_navigation\n'}
[1.802696] (robot_navigation) CommandEnded: {'returncode': 0}
[1.805183] (robot_navigation) JobProgress: {'identifier': 'robot_navigation', 'progress': 'build'}
[1.805470] (-) TimerEvent: {}
[1.805998] (robot_navigation) Command: {'cmd': ['/usr/bin/cmake', '--build', '/home/mahmoudkaoud/gproject_ws/src/build/robot_navigation', '--', '-j4', '-l4'], 'cwd': '/home/mahmoudkaoud/gproject_ws/src/build/robot_navigation', 'env': OrderedDict([('GJS_DEBUG_TOPICS', 'JS ERROR;JS LOG'), ('LESSOPEN', '| /usr/bin/lesspipe %s'), ('VSCODE_CWD', '/home/mahmoudkaoud'), ('USER', 'mahmoudkaoud'), ('LC_TIME', 'en_US.UTF-8'), ('VSCODE_NLS_CONFIG', '{"userLocale":"en-us","osLocale":"en-us","resolvedLanguage":"en","defaultMessagesFile":"/usr/share/antigravity/resources/app/out/nls.messages.json","locale":"en-us","availableLanguages":{}}'), ('XDG_SESSION_TYPE', 'wayland'), ('STM32CubeMX_PATH', '/home/mahmoudkaoud/STM32CubeMX'), ('SHLVL', '0'), ('LD_LIBRARY_PATH', '/usr/lib/x86_64-linux-gnu/gazebo-11/plugins:/opt/ros/humble/opt/rviz_ogre_vendor/lib:/opt/ros/humble/lib/x86_64-linux-gnu:/opt/ros/humble/lib'), ('HOME', '/home/mahmoudkaoud'), ('CHROME_DESKTOP', 'antigravity.desktop'), ('DESKTOP_SESSION', 'ubuntu'), ('NVM_BIN', '/home/mahmoudkaoud/.nvm/versions/node/v20.20.2/bin'), ('NVM_INC', '/home/mahmoudkaoud/.nvm/versions/node/v20.20.2/include/node'), ('VSCODE_IPC_HOOK', '/run/user/1000/vscode-e903cf6d-1.10-main.sock'), ('GIO_LAUNCHED_DESKTOP_FILE', '/usr/share/applications/antigravity.desktop'), ('ROS_PYTHON_VERSION', '3'), ('GNOME_SHELL_SESSION_MODE', 'ubuntu'), ('GTK_MODULES', 'gail:atk-bridge'), ('PAGER', 'cat'), ('LC_MONETARY', 'en_US.UTF-8'), ('MANAGERPID', '1558'), ('SYSTEMD_EXEC_PID', '1723'), ('IM_CONFIG_CHECK_ENV', '1'), ('DBUS_SESSION_BUS_ADDRESS', 'unix:path=/run/user/1000/bus'), ('ANTIGRAVITY_AGENT', '1'), ('GIO_LAUNCHED_DESKTOP_FILE_PID', '107508'), ('NVM_DIR', '/home/mahmoudkaoud/.nvm'), ('IM_CONFIG_PHASE', '1'), ('WAYLAND_DISPLAY', 'wayland-0'), ('COLCON_PREFIX_PATH', '/home/mahmoudkaoud/gproject_ws/install'), ('ROS_DISTRO', 'humble'), ('LOGNAME', 'mahmoudkaoud'), ('_', '/usr/bin/colcon'), ('JOURNAL_STREAM', '8:12283'), ('ROS_VERSION', '2'), ('XDG_SESSION_CLASS', 'user'), ('USERNAME', 'mahmoudkaoud'), ('TERM', 'dumb'), ('GAZEBO_MODEL_PATH', ':/home/mahmoudkaoud/gproject_ws/src/'), ('GNOME_DESKTOP_SESSION_ID', 'this-is-deprecated'), ('FC_FONTATIONS', '1'), ('ROS_LOCALHOST_ONLY', '0'), ('ANTIGRAVITY_EDITOR_APP_ROOT', '/usr/share/antigravity/resources/app'), ('PATH', '/home/mahmoudkaoud/.local/bin:/home/mahmoudkaoud/.nvm/versions/node/v20.20.2/bin:/opt/ros/humble/bin:/home/mahmoudkaoud/.local/bin:/usr/local/sbin:/usr/local/bin:/usr/sbin:/usr/bin:/sbin:/bin:/usr/games:/usr/local/games:/snap/bin:/snap/bin'), ('SESSION_MANAGER', 'local/mahmoudkaoud-Latitude-E7470:@/tmp/.ICE-unix/1692,unix/mahmoudkaoud-Latitude-E7470:/tmp/.ICE-unix/1692'), ('INVOCATION_ID', '2e5daec33bd24a268904e5d34ad2b09d'), ('PAPERSIZE', 'letter'), ('XDG_MENU_PREFIX', 'gnome-'), ('LC_ADDRESS', 'en_US.UTF-8'), ('GNOME_SETUP_DISPLAY', ':1'), ('XDG_RUNTIME_DIR', '/run/user/1000'), ('GDK_BACKEND', 'wayland'), ('DISPLAY', ':0'), ('LANG', 'en_US.UTF-8'), ('XDG_CURRENT_DESKTOP', 'ubuntu:GNOME'), ('LC_TELEPHONE', 'en_US.UTF-8'), ('RMW_IMPLEMENTATION', 'rmw_cyclonedds_cpp'), ('XMODIFIERS', '@im=ibus'), ('XDG_SESSION_DESKTOP', 'ubuntu'), ('XAUTHORITY', '/run/user/1000/.mutter-Xwaylandauth.QWYPR3'), ('LS_COLORS', ''), ('SSH_AGENT_LAUNCHER', 'gnome-keyring'), ('SSH_AUTH_SOCK', '/run/user/1000/keyring/ssh'), ('AMENT_PREFIX_PATH', '/home/mahmoudkaoud/gproject_ws/install/robot_navigation:/home/mahmoudkaoud/gproject_ws/install/diff_robot:/opt/ros/humble'), ('SHELL', '/bin/bash'), ('LC_NAME', 'en_US.UTF-8'), ('QT_ACCESSIBILITY', '1'), ('GDMSESSION', 'ubuntu'), ('LESSCLOSE', '/usr/bin/lesspipe %s %s'), ('LC_MEASUREMENT', 'en_US.UTF-8'), ('GJS_DEBUG_OUTPUT', 'stderr'), ('LC_IDENTIFICATION', 'en_US.UTF-8'), ('QT_IM_MODULE', 'ibus'), ('ANTIGRAVITY_TRAJECTORY_ID', 'b59570ad-7a21-4563-b1fc-c0cdf0078d3d'), ('PWD', '/home/mahmoudkaoud/gproject_ws/src/build/robot_navigation'), ('LC_ALL', 'en_US.UTF-8'), ('XDG_CONFIG_DIRS', '/etc/xdg/xdg-ubuntu:/etc/xdg'), ('VSCODE_CODE_CACHE_PATH', '/home/mahmoudkaoud/.config/Antigravity/CachedData/15487b3041e65228cae24980a3f796c905ef582c'), ('NVM_CD_FLAGS', ''), ('XDG_DATA_DIRS', '/usr/share/ubuntu:/usr/local/share/:/usr/share/:/var/lib/snapd/desktop'), ('PYTHONPATH', '/opt/ros/humble/lib/python3.10/site-packages:/opt/ros/humble/local/lib/python3.10/dist-packages'), ('LC_NUMERIC', 'en_US.UTF-8'), ('LC_PAPER', 'en_US.UTF-8'), ('COLCON', '1'), ('CMAKE_PREFIX_PATH', '/home/mahmoudkaoud/gproject_ws/install/robot_navigation:/home/mahmoudkaoud/gproject_ws/install/diff_robot:/opt/ros/humble'), ('VSCODE_PID', '107508')]), 'shell': False}
[1.871688] (robot_navigation) CommandEnded: {'returncode': 0}
[1.872506] (robot_navigation) JobProgress: {'identifier': 'robot_navigation', 'progress': 'install'}
[1.885927] (robot_navigation) Command: {'cmd': ['/usr/bin/cmake', '--install', '/home/mahmoudkaoud/gproject_ws/src/build/robot_navigation'], 'cwd': '/home/mahmoudkaoud/gproject_ws/src/build/robot_navigation', 'env': OrderedDict([('GJS_DEBUG_TOPICS', 'JS ERROR;JS LOG'), ('LESSOPEN', '| /usr/bin/lesspipe %s'), ('VSCODE_CWD', '/home/mahmoudkaoud'), ('USER', 'mahmoudkaoud'), ('LC_TIME', 'en_US.UTF-8'), ('VSCODE_NLS_CONFIG', '{"userLocale":"en-us","osLocale":"en-us","resolvedLanguage":"en","defaultMessagesFile":"/usr/share/antigravity/resources/app/out/nls.messages.json","locale":"en-us","availableLanguages":{}}'), ('XDG_SESSION_TYPE', 'wayland'), ('STM32CubeMX_PATH', '/home/mahmoudkaoud/STM32CubeMX'), ('SHLVL', '0'), ('LD_LIBRARY_PATH', '/usr/lib/x86_64-linux-gnu/gazebo-11/plugins:/opt/ros/humble/opt/rviz_ogre_vendor/lib:/opt/ros/humble/lib/x86_64-linux-gnu:/opt/ros/humble/lib'), ('HOME', '/home/mahmoudkaoud'), ('CHROME_DESKTOP', 'antigravity.desktop'), ('DESKTOP_SESSION', 'ubuntu'), ('NVM_BIN', '/home/mahmoudkaoud/.nvm/versions/node/v20.20.2/bin'), ('NVM_INC', '/home/mahmoudkaoud/.nvm/versions/node/v20.20.2/include/node'), ('VSCODE_IPC_HOOK', '/run/user/1000/vscode-e903cf6d-1.10-main.sock'), ('GIO_LAUNCHED_DESKTOP_FILE', '/usr/share/applications/antigravity.desktop'), ('ROS_PYTHON_VERSION', '3'), ('GNOME_SHELL_SESSION_MODE', 'ubuntu'), ('GTK_MODULES', 'gail:atk-bridge'), ('PAGER', 'cat'), ('LC_MONETARY', 'en_US.UTF-8'), ('MANAGERPID', '1558'), ('SYSTEMD_EXEC_PID', '1723'), ('IM_CONFIG_CHECK_ENV', '1'), ('DBUS_SESSION_BUS_ADDRESS', 'unix:path=/run/user/1000/bus'), ('ANTIGRAVITY_AGENT', '1'), ('GIO_LAUNCHED_DESKTOP_FILE_PID', '107508'), ('NVM_DIR', '/home/mahmoudkaoud/.nvm'), ('IM_CONFIG_PHASE', '1'), ('WAYLAND_DISPLAY', 'wayland-0'), ('COLCON_PREFIX_PATH', '/home/mahmoudkaoud/gproject_ws/install'), ('ROS_DISTRO', 'humble'), ('LOGNAME', 'mahmoudkaoud'), ('_', '/usr/bin/colcon'), ('JOURNAL_STREAM', '8:12283'), ('ROS_VERSION', '2'), ('XDG_SESSION_CLASS', 'user'), ('USERNAME', 'mahmoudkaoud'), ('TERM', 'dumb'), ('GAZEBO_MODEL_PATH', ':/home/mahmoudkaoud/gproject_ws/src/'), ('GNOME_DESKTOP_SESSION_ID', 'this-is-deprecated'), ('FC_FONTATIONS', '1'), ('ROS_LOCALHOST_ONLY', '0'), ('ANTIGRAVITY_EDITOR_APP_ROOT', '/usr/share/antigravity/resources/app'), ('PATH', '/home/mahmoudkaoud/.local/bin:/home/mahmoudkaoud/.nvm/versions/node/v20.20.2/bin:/opt/ros/humble/bin:/home/mahmoudkaoud/.local/bin:/usr/local/sbin:/usr/local/bin:/usr/sbin:/usr/bin:/sbin:/bin:/usr/games:/usr/local/games:/snap/bin:/snap/bin'), ('SESSION_MANAGER', 'local/mahmoudkaoud-Latitude-E7470:@/tmp/.ICE-unix/1692,unix/mahmoudkaoud-Latitude-E7470:/tmp/.ICE-unix/1692'), ('INVOCATION_ID', '2e5daec33bd24a268904e5d34ad2b09d'), ('PAPERSIZE', 'letter'), ('XDG_MENU_PREFIX', 'gnome-'), ('LC_ADDRESS', 'en_US.UTF-8'), ('GNOME_SETUP_DISPLAY', ':1'), ('XDG_RUNTIME_DIR', '/run/user/1000'), ('GDK_BACKEND', 'wayland'), ('DISPLAY', ':0'), ('LANG', 'en_US.UTF-8'), ('XDG_CURRENT_DESKTOP', 'ubuntu:GNOME'), ('LC_TELEPHONE', 'en_US.UTF-8'), ('RMW_IMPLEMENTATION', 'rmw_cyclonedds_cpp'), ('XMODIFIERS', '@im=ibus'), ('XDG_SESSION_DESKTOP', 'ubuntu'), ('XAUTHORITY', '/run/user/1000/.mutter-Xwaylandauth.QWYPR3'), ('LS_COLORS', ''), ('SSH_AGENT_LAUNCHER', 'gnome-keyring'), ('SSH_AUTH_SOCK', '/run/user/1000/keyring/ssh'), ('AMENT_PREFIX_PATH', '/home/mahmoudkaoud/gproject_ws/install/robot_navigation:/home/mahmoudkaoud/gproject_ws/install/diff_robot:/opt/ros/humble'), ('SHELL', '/bin/bash'), ('LC_NAME', 'en_US.UTF-8'), ('QT_ACCESSIBILITY', '1'), ('GDMSESSION', 'ubuntu'), ('LESSCLOSE', '/usr/bin/lesspipe %s %s'), ('LC_MEASUREMENT', 'en_US.UTF-8'), ('GJS_DEBUG_OUTPUT', 'stderr'), ('LC_IDENTIFICATION', 'en_US.UTF-8'), ('QT_IM_MODULE', 'ibus'), ('ANTIGRAVITY_TRAJECTORY_ID', 'b59570ad-7a21-4563-b1fc-c0cdf0078d3d'), ('PWD', '/home/mahmoudkaoud/gproject_ws/src/build/robot_navigation'), ('LC_ALL', 'en_US.UTF-8'), ('XDG_CONFIG_DIRS', '/etc/xdg/xdg-ubuntu:/etc/xdg'), ('VSCODE_CODE_CACHE_PATH', '/home/mahmoudkaoud/.config/Antigravity/CachedData/15487b3041e65228cae24980a3f796c905ef582c'), ('NVM_CD_FLAGS', ''), ('XDG_DATA_DIRS', '/usr/share/ubuntu:/usr/local/share/:/usr/share/:/var/lib/snapd/desktop'), ('PYTHONPATH', '/opt/ros/humble/lib/python3.10/site-packages:/opt/ros/humble/local/lib/python3.10/dist-packages'), ('LC_NUMERIC', 'en_US.UTF-8'), ('LC_PAPER', 'en_US.UTF-8'), ('COLCON', '1'), ('CMAKE_PREFIX_PATH', '/home/mahmoudkaoud/gproject_ws/install/robot_navigation:/home/mahmoudkaoud/gproject_ws/install/diff_robot:/opt/ros/humble'), ('VSCODE_PID', '107508')]), 'shell': False}
[1.898590] (robot_navigation) StdoutLine: {'line': b'-- Install configuration: ""\n'}
[1.898955] (robot_navigation) StdoutLine: {'line': b'-- Installing: /home/mahmoudkaoud/gproject_ws/src/install/robot_navigation/share/robot_navigation/launch\n'}
[1.899150] (robot_navigation) StdoutLine: {'line': b'-- Installing: /home/mahmoudkaoud/gproject_ws/src/install/robot_navigation/share/robot_navigation/launch/mapping.launch.py\n'}
[1.899412] (robot_navigation) StdoutLine: {'line': b'-- Installing: /home/mahmoudkaoud/gproject_ws/src/install/robot_navigation/share/robot_navigation/launch/navigation.launch.py\n'}
[1.899635] (robot_navigation) StdoutLine: {'line': b'-- Installing: /home/mahmoudkaoud/gproject_ws/src/install/robot_navigation/share/robot_navigation/launch/localization.launch.py\n'}
[1.899861] (robot_navigation) StdoutLine: {'line': b'-- Installing: /home/mahmoudkaoud/gproject_ws/src/install/robot_navigation/share/robot_navigation/config\n'}
[1.900080] (robot_navigation) StdoutLine: {'line': b'-- Installing: /home/mahmoudkaoud/gproject_ws/src/install/robot_navigation/share/robot_navigation/config/recovery.yaml\n'}
[1.900313] (robot_navigation) StdoutLine: {'line': b'-- Installing: /home/mahmoudkaoud/gproject_ws/src/install/robot_navigation/share/robot_navigation/config/office_map.yaml\n'}
[1.900539] (robot_navigation) StdoutLine: {'line': b'-- Installing: /home/mahmoudkaoud/gproject_ws/src/install/robot_navigation/share/robot_navigation/config/ekf_sensor_fusion.yaml\n'}
[1.900746] (robot_navigation) StdoutLine: {'line': b'-- Installing: /home/mahmoudkaoud/gproject_ws/src/install/robot_navigation/share/robot_navigation/config/bt_navigator.yaml\n'}
[1.900956] (robot_navigation) StdoutLine: {'line': b'-- Installing: /home/mahmoudkaoud/gproject_ws/src/install/robot_navigation/share/robot_navigation/config/home_map.yaml\n'}
[1.901165] (robot_navigation) StdoutLine: {'line': b'-- Installing: /home/mahmoudkaoud/gproject_ws/src/install/robot_navigation/share/robot_navigation/config/office_map.pgm\n'}
[1.901380] (robot_navigation) StdoutLine: {'line': b'-- Installing: /home/mahmoudkaoud/gproject_ws/src/install/robot_navigation/share/robot_navigation/config/amcl_config.yaml\n'}
[1.901577] (robot_navigation) StdoutLine: {'line': b'-- Installing: /home/mahmoudkaoud/gproject_ws/src/install/robot_navigation/share/robot_navigation/config/mapper_params_localization.yaml\n'}
[1.901759] (robot_navigation) StdoutLine: {'line': b'-- Installing: /home/mahmoudkaoud/gproject_ws/src/install/robot_navigation/share/robot_navigation/config/controller.yaml\n'}
[1.901991] (robot_navigation) StdoutLine: {'line': b'-- Installing: /home/mahmoudkaoud/gproject_ws/src/install/robot_navigation/share/robot_navigation/config/behavior.xml\n'}
[1.902176] (robot_navigation) StdoutLine: {'line': b'-- Installing: /home/mahmoudkaoud/gproject_ws/src/install/robot_navigation/share/robot_navigation/config/home_map.pgm\n'}
[1.902394] (robot_navigation) StdoutLine: {'line': b'-- Installing: /home/mahmoudkaoud/gproject_ws/src/install/robot_navigation/share/robot_navigation/config/planner_server.yaml\n'}
[1.902610] (robot_navigation) StdoutLine: {'line': b'-- Installing: /home/mahmoudkaoud/gproject_ws/src/install/robot_navigation/share/robot_navigation/rviz\n'}
[1.902803] (robot_navigation) StdoutLine: {'line': b'-- Installing: /home/mahmoudkaoud/gproject_ws/src/install/robot_navigation/share/robot_navigation/rviz/navigation_1.rviz\n'}
[1.903036] (robot_navigation) StdoutLine: {'line': b'-- Installing: /home/mahmoudkaoud/gproject_ws/src/install/robot_navigation/lib/robot_navigation/coverage_planner.py\n'}
[1.903452] (robot_navigation) StdoutLine: {'line': b'-- Installing: /home/mahmoudkaoud/gproject_ws/src/install/robot_navigation/share/ament_index/resource_index/package_run_dependencies/robot_navigation\n'}
[1.903781] (robot_navigation) StdoutLine: {'line': b'-- Installing: /home/mahmoudkaoud/gproject_ws/src/install/robot_navigation/share/ament_index/resource_index/parent_prefix_path/robot_navigation\n'}
[1.904098] (robot_navigation) StdoutLine: {'line': b'-- Installing: /home/mahmoudkaoud/gproject_ws/src/install/robot_navigation/share/robot_navigation/environment/ament_prefix_path.sh\n'}
[1.904373] (robot_navigation) StdoutLine: {'line': b'-- Installing: /home/mahmoudkaoud/gproject_ws/src/install/robot_navigation/share/robot_navigation/environment/ament_prefix_path.dsv\n'}
[1.904630] (robot_navigation) StdoutLine: {'line': b'-- Installing: /home/mahmoudkaoud/gproject_ws/src/install/robot_navigation/share/robot_navigation/environment/path.sh\n'}
[1.904876] (robot_navigation) StdoutLine: {'line': b'-- Installing: /home/mahmoudkaoud/gproject_ws/src/install/robot_navigation/share/robot_navigation/environment/path.dsv\n'}
[1.905129] (robot_navigation) StdoutLine: {'line': b'-- Installing: /home/mahmoudkaoud/gproject_ws/src/install/robot_navigation/share/robot_navigation/local_setup.bash\n'}
[1.905405] (robot_navigation) StdoutLine: {'line': b'-- Installing: /home/mahmoudkaoud/gproject_ws/src/install/robot_navigation/share/robot_navigation/local_setup.sh\n'}
[1.905577] (-) TimerEvent: {}
[1.905787] (robot_navigation) StdoutLine: {'line': b'-- Installing: /home/mahmoudkaoud/gproject_ws/src/install/robot_navigation/share/robot_navigation/local_setup.zsh\n'}
[1.906082] (robot_navigation) StdoutLine: {'line': b'-- Installing: /home/mahmoudkaoud/gproject_ws/src/install/robot_navigation/share/robot_navigation/local_setup.dsv\n'}
[1.906376] (robot_navigation) StdoutLine: {'line': b'-- Installing: /home/mahmoudkaoud/gproject_ws/src/install/robot_navigation/share/robot_navigation/package.dsv\n'}
[1.906636] (robot_navigation) StdoutLine: {'line': b'-- Installing: /home/mahmoudkaoud/gproject_ws/src/install/robot_navigation/share/ament_index/resource_index/packages/robot_navigation\n'}
[1.906908] (robot_navigation) StdoutLine: {'line': b'-- Installing: /home/mahmoudkaoud/gproject_ws/src/install/robot_navigation/share/robot_navigation/cmake/robot_navigationConfig.cmake\n'}
[1.907078] (robot_navigation) StdoutLine: {'line': b'-- Installing: /home/mahmoudkaoud/gproject_ws/src/install/robot_navigation/share/robot_navigation/cmake/robot_navigationConfig-version.cmake\n'}
[1.907332] (robot_navigation) StdoutLine: {'line': b'-- Installing: /home/mahmoudkaoud/gproject_ws/src/install/robot_navigation/share/robot_navigation/package.xml\n'}
[1.911305] (robot_navigation) CommandEnded: {'returncode': 0}
[1.952882] (robot_navigation) JobEnded: {'identifier': 'robot_navigation', 'rc': 0}
[1.954007] (-) EventReactorShutdown: {}
