[0.000000] (-) TimerEvent: {}
[0.000295] (-) JobUnselected: {'identifier': 'diffdrive_arduino'}
[0.000353] (-) JobUnselected: {'identifier': 'robot_navigation'}
[0.000403] (-) JobUnselected: {'identifier': 'serial'}
[0.000449] (diff_robot) JobQueued: {'identifier': 'diff_robot', 'dependencies': OrderedDict()}
[0.000489] (diff_robot) JobStarted: {'identifier': 'diff_robot'}
[0.015282] (diff_robot) JobProgress: {'identifier': 'diff_robot', 'progress': 'cmake'}
[0.015993] (diff_robot) Command: {'cmd': ['/usr/bin/cmake', '/home/mahmoudkaoud/gproject_ws/src/diff_robot', '-DCMAKE_INSTALL_PREFIX=/home/mahmoudkaoud/gproject_ws/src/install/diff_robot'], 'cwd': '/home/mahmoudkaoud/gproject_ws/src/build/diff_robot', 'env': OrderedDict([('GJS_DEBUG_TOPICS', 'JS ERROR;JS LOG'), ('LESSOPEN', '| /usr/bin/lesspipe %s'), ('VSCODE_CWD', '/home/mahmoudkaoud'), ('USER', 'mahmoudkaoud'), ('LC_TIME', 'en_US.UTF-8'), ('VSCODE_NLS_CONFIG', '{"userLocale":"en-us","osLocale":"en-us","resolvedLanguage":"en","defaultMessagesFile":"/usr/share/antigravity/resources/app/out/nls.messages.json","locale":"en-us","availableLanguages":{}}'), ('XDG_SESSION_TYPE', 'wayland'), ('STM32CubeMX_PATH', '/home/mahmoudkaoud/STM32CubeMX'), ('SHLVL', '0'), ('LD_LIBRARY_PATH', '/usr/lib/x86_64-linux-gnu/gazebo-11/plugins:/opt/ros/humble/opt/rviz_ogre_vendor/lib:/opt/ros/humble/lib/x86_64-linux-gnu:/opt/ros/humble/lib'), ('HOME', '/home/mahmoudkaoud'), ('CHROME_DESKTOP', 'antigravity.desktop'), ('DESKTOP_SESSION', 'ubuntu'), ('NVM_BIN', '/home/mahmoudkaoud/.nvm/versions/node/v20.20.2/bin'), ('NVM_INC', '/home/mahmoudkaoud/.nvm/versions/node/v20.20.2/include/node'), ('VSCODE_IPC_HOOK', '/run/user/1000/vscode-e903cf6d-1.10-main.sock'), ('GIO_LAUNCHED_DESKTOP_FILE', '/usr/share/applications/antigravity.desktop'), ('ROS_PYTHON_VERSION', '3'), ('GNOME_SHELL_SESSION_MODE', 'ubuntu'), ('GTK_MODULES', 'gail:atk-bridge'), ('PAGER', 'cat'), ('LC_MONETARY', 'en_US.UTF-8'), ('MANAGERPID', '1558'), ('SYSTEMD_EXEC_PID', '1723'), ('IM_CONFIG_CHECK_ENV', '1'), ('DBUS_SESSION_BUS_ADDRESS', 'unix:path=/run/user/1000/bus'), ('ANTIGRAVITY_AGENT', '1'), ('GIO_LAUNCHED_DESKTOP_FILE_PID', '107508'), ('NVM_DIR', '/home/mahmoudkaoud/.nvm'), ('IM_CONFIG_PHASE', '1'), ('WAYLAND_DISPLAY', 'wayland-0'), ('COLCON_PREFIX_PATH', '/home/mahmoudkaoud/gproject_ws/install'), ('ROS_DISTRO', 'humble'), ('LOGNAME', 'mahmoudkaoud'), ('_', '/usr/bin/colcon'), ('JOURNAL_STREAM', '8:12283'), ('ROS_VERSION', '2'), ('XDG_SESSION_CLASS', 'user'), ('USERNAME', 'mahmoudkaoud'), ('TERM', 'dumb'), ('GAZEBO_MODEL_PATH', ':/home/mahmoudkaoud/gproject_ws/src/'), ('GNOME_DESKTOP_SESSION_ID', 'this-is-deprecated'), ('FC_FONTATIONS', '1'), ('ROS_LOCALHOST_ONLY', '0'), ('ANTIGRAVITY_EDITOR_APP_ROOT', '/usr/share/antigravity/resources/app'), ('PATH', '/home/mahmoudkaoud/.local/bin:/home/mahmoudkaoud/.nvm/versions/node/v20.20.2/bin:/opt/ros/humble/bin:/home/mahmoudkaoud/.local/bin:/usr/local/sbin:/usr/local/bin:/usr/sbin:/usr/bin:/sbin:/bin:/usr/games:/usr/local/games:/snap/bin:/snap/bin'), ('SESSION_MANAGER', 'local/mahmoudkaoud-Latitude-E7470:@/tmp/.ICE-unix/1692,unix/mahmoudkaoud-Latitude-E7470:/tmp/.ICE-unix/1692'), ('INVOCATION_ID', '2e5daec33bd24a268904e5d34ad2b09d'), ('PAPERSIZE', 'letter'), ('XDG_MENU_PREFIX', 'gnome-'), ('LC_ADDRESS', 'en_US.UTF-8'), ('GNOME_SETUP_DISPLAY', ':1'), ('XDG_RUNTIME_DIR', '/run/user/1000'), ('GDK_BACKEND', 'wayland'), ('DISPLAY', ':0'), ('LANG', 'en_US.UTF-8'), ('XDG_CURRENT_DESKTOP', 'ubuntu:GNOME'), ('LC_TELEPHONE', 'en_US.UTF-8'), ('RMW_IMPLEMENTATION', 'rmw_cyclonedds_cpp'), ('XMODIFIERS', '@im=ibus'), ('XDG_SESSION_DESKTOP', 'ubuntu'), ('XAUTHORITY', '/run/user/1000/.mutter-Xwaylandauth.QWYPR3'), ('LS_COLORS', ''), ('SSH_AGENT_LAUNCHER', 'gnome-keyring'), ('SSH_AUTH_SOCK', '/run/user/1000/keyring/ssh'), ('AMENT_PREFIX_PATH', '/home/mahmoudkaoud/gproject_ws/install/robot_navigation:/home/mahmoudkaoud/gproject_ws/install/diff_robot:/opt/ros/humble'), ('SHELL', '/bin/bash'), ('LC_NAME', 'en_US.UTF-8'), ('QT_ACCESSIBILITY', '1'), ('GDMSESSION', 'ubuntu'), ('LESSCLOSE', '/usr/bin/lesspipe %s %s'), ('LC_MEASUREMENT', 'en_US.UTF-8'), ('GJS_DEBUG_OUTPUT', 'stderr'), ('LC_IDENTIFICATION', 'en_US.UTF-8'), ('QT_IM_MODULE', 'ibus'), ('ANTIGRAVITY_TRAJECTORY_ID', 'b59570ad-7a21-4563-b1fc-c0cdf0078d3d'), ('PWD', '/home/mahmoudkaoud/gproject_ws/src/build/diff_robot'), ('LC_ALL', 'en_US.UTF-8'), ('XDG_CONFIG_DIRS', '/etc/xdg/xdg-ubuntu:/etc/xdg'), ('VSCODE_CODE_CACHE_PATH', '/home/mahmoudkaoud/.config/Antigravity/CachedData/15487b3041e65228cae24980a3f796c905ef582c'), ('NVM_CD_FLAGS', ''), ('XDG_DATA_DIRS', '/usr/share/ubuntu:/usr/local/share/:/usr/share/:/var/lib/snapd/desktop'), ('PYTHONPATH', '/opt/ros/humble/lib/python3.10/site-packages:/opt/ros/humble/local/lib/python3.10/dist-packages'), ('LC_NUMERIC', 'en_US.UTF-8'), ('LC_PAPER', 'en_US.UTF-8'), ('COLCON', '1'), ('CMAKE_PREFIX_PATH', '/home/mahmoudkaoud/gproject_ws/install/robot_navigation:/home/mahmoudkaoud/gproject_ws/install/diff_robot:/opt/ros/humble'), ('VSCODE_PID', '107508')]), 'shell': False}
[0.099104] (-) TimerEvent: {}
[0.115426] (diff_robot) StdoutLine: {'line': b'-- The C compiler identification is GNU 11.4.0\n'}
[0.199196] (-) TimerEvent: {}
[0.211110] (diff_robot) StdoutLine: {'line': b'-- The CXX compiler identification is GNU 11.4.0\n'}
[0.223725] (diff_robot) StdoutLine: {'line': b'-- Detecting C compiler ABI info\n'}
[0.299297] (-) TimerEvent: {}
[0.337694] (diff_robot) StdoutLine: {'line': b'-- Detecting C compiler ABI info - done\n'}
[0.357385] (diff_robot) StdoutLine: {'line': b'-- Check for working C compiler: /usr/bin/cc - skipped\n'}
[0.357660] (diff_robot) StdoutLine: {'line': b'-- Detecting C compile features\n'}
[0.358650] (diff_robot) StdoutLine: {'line': b'-- Detecting C compile features - done\n'}
[0.363729] (diff_robot) StdoutLine: {'line': b'-- Detecting CXX compiler ABI info\n'}
[0.399394] (-) TimerEvent: {}
[0.492336] (diff_robot) StdoutLine: {'line': b'-- Detecting CXX compiler ABI info - done\n'}
[0.499489] (-) TimerEvent: {}
[0.511383] (diff_robot) StdoutLine: {'line': b'-- Check for working CXX compiler: /usr/bin/c++ - skipped\n'}
[0.511694] (diff_robot) StdoutLine: {'line': b'-- Detecting CXX compile features\n'}
[0.512703] (diff_robot) StdoutLine: {'line': b'-- Detecting CXX compile features - done\n'}
[0.517609] (diff_robot) StdoutLine: {'line': b'-- Found ament_cmake: 1.3.12 (/opt/ros/humble/share/ament_cmake/cmake)\n'}
[0.599619] (-) TimerEvent: {}
[0.699970] (-) TimerEvent: {}
[0.782439] (diff_robot) StdoutLine: {'line': b'-- Found Python3: /usr/bin/python3 (found version "3.10.12") found components: Interpreter \n'}
[0.800102] (-) TimerEvent: {}
[0.900371] (-) TimerEvent: {}
[0.940017] (diff_robot) StdoutLine: {'line': b'-- Found rclcpp: 16.0.14 (/opt/ros/humble/share/rclcpp/cmake)\n'}
[1.000498] (-) TimerEvent: {}
[1.023463] (diff_robot) StdoutLine: {'line': b'-- Found rosidl_generator_c: 3.1.7 (/opt/ros/humble/share/rosidl_generator_c/cmake)\n'}
[1.034565] (diff_robot) StdoutLine: {'line': b'-- Found rosidl_adapter: 3.1.7 (/opt/ros/humble/share/rosidl_adapter/cmake)\n'}
[1.051954] (diff_robot) StdoutLine: {'line': b'-- Found rosidl_generator_cpp: 3.1.7 (/opt/ros/humble/share/rosidl_generator_cpp/cmake)\n'}
[1.072854] (diff_robot) StdoutLine: {'line': b'-- Using all available rosidl_typesupport_c: rosidl_typesupport_fastrtps_c;rosidl_typesupport_introspection_c\n'}
[1.100168] (diff_robot) StdoutLine: {'line': b'-- Using all available rosidl_typesupport_cpp: rosidl_typesupport_fastrtps_cpp;rosidl_typesupport_introspection_cpp\n'}
[1.100574] (-) TimerEvent: {}
[1.186767] (diff_robot) StdoutLine: {'line': b'-- Found rmw_implementation_cmake: 6.1.2 (/opt/ros/humble/share/rmw_implementation_cmake/cmake)\n'}
[1.191961] (diff_robot) StdoutLine: {'line': b'-- Found rmw_cyclonedds_cpp: 1.3.4 (/opt/ros/humble/share/rmw_cyclonedds_cpp/cmake)\n'}
[1.200712] (-) TimerEvent: {}
[1.231613] (diff_robot) StdoutLine: {'line': b"-- Using RMW implementation 'rmw_cyclonedds_cpp' as default\n"}
[1.252101] (diff_robot) StdoutLine: {'line': b'-- Looking for pthread.h\n'}
[1.300871] (-) TimerEvent: {}
[1.392763] (diff_robot) StdoutLine: {'line': b'-- Looking for pthread.h - found\n'}
[1.393044] (diff_robot) StdoutLine: {'line': b'-- Performing Test CMAKE_HAVE_LIBC_PTHREAD\n'}
[1.401061] (-) TimerEvent: {}
[1.501409] (-) TimerEvent: {}
[1.511501] (diff_robot) StdoutLine: {'line': b'-- Performing Test CMAKE_HAVE_LIBC_PTHREAD - Success\n'}
[1.513764] (diff_robot) StdoutLine: {'line': b'-- Found Threads: TRUE  \n'}
[1.601541] (-) TimerEvent: {}
[1.606798] (diff_robot) StdoutLine: {'line': b'-- Found ament_lint_auto: 0.12.14 (/opt/ros/humble/share/ament_lint_auto/cmake)\n'}
[1.701659] (-) TimerEvent: {}
[1.776349] (diff_robot) StdoutLine: {'line': b"-- Added test 'flake8' to check Python code syntax and style conventions\n"}
[1.778252] (diff_robot) StdoutLine: {'line': b"-- Added test 'lint_cmake' to check CMake code style\n"}
[1.779481] (diff_robot) StdoutLine: {'line': b"-- Added test 'pep257' to check Python code against some of the docstring style conventions in PEP 257\n"}
[1.783324] (diff_robot) StdoutLine: {'line': b"-- Added test 'xmllint' to check XML markup files\n"}
[1.785453] (diff_robot) StdoutLine: {'line': b'-- Configuring done\n'}
[1.793846] (diff_robot) StdoutLine: {'line': b'-- Generating done\n'}
[1.797584] (diff_robot) StdoutLine: {'line': b'-- Build files have been written to: /home/mahmoudkaoud/gproject_ws/src/build/diff_robot\n'}
[1.801790] (-) TimerEvent: {}
[1.811475] (diff_robot) CommandEnded: {'returncode': 0}
[1.812618] (diff_robot) JobProgress: {'identifier': 'diff_robot', 'progress': 'build'}
[1.813582] (diff_robot) Command: {'cmd': ['/usr/bin/cmake', '--build', '/home/mahmoudkaoud/gproject_ws/src/build/diff_robot', '--', '-j4', '-l4'], 'cwd': '/home/mahmoudkaoud/gproject_ws/src/build/diff_robot', 'env': OrderedDict([('GJS_DEBUG_TOPICS', 'JS ERROR;JS LOG'), ('LESSOPEN', '| /usr/bin/lesspipe %s'), ('VSCODE_CWD', '/home/mahmoudkaoud'), ('USER', 'mahmoudkaoud'), ('LC_TIME', 'en_US.UTF-8'), ('VSCODE_NLS_CONFIG', '{"userLocale":"en-us","osLocale":"en-us","resolvedLanguage":"en","defaultMessagesFile":"/usr/share/antigravity/resources/app/out/nls.messages.json","locale":"en-us","availableLanguages":{}}'), ('XDG_SESSION_TYPE', 'wayland'), ('STM32CubeMX_PATH', '/home/mahmoudkaoud/STM32CubeMX'), ('SHLVL', '0'), ('LD_LIBRARY_PATH', '/usr/lib/x86_64-linux-gnu/gazebo-11/plugins:/opt/ros/humble/opt/rviz_ogre_vendor/lib:/opt/ros/humble/lib/x86_64-linux-gnu:/opt/ros/humble/lib'), ('HOME', '/home/mahmoudkaoud'), ('CHROME_DESKTOP', 'antigravity.desktop'), ('DESKTOP_SESSION', 'ubuntu'), ('NVM_BIN', '/home/mahmoudkaoud/.nvm/versions/node/v20.20.2/bin'), ('NVM_INC', '/home/mahmoudkaoud/.nvm/versions/node/v20.20.2/include/node'), ('VSCODE_IPC_HOOK', '/run/user/1000/vscode-e903cf6d-1.10-main.sock'), ('GIO_LAUNCHED_DESKTOP_FILE', '/usr/share/applications/antigravity.desktop'), ('ROS_PYTHON_VERSION', '3'), ('GNOME_SHELL_SESSION_MODE', 'ubuntu'), ('GTK_MODULES', 'gail:atk-bridge'), ('PAGER', 'cat'), ('LC_MONETARY', 'en_US.UTF-8'), ('MANAGERPID', '1558'), ('SYSTEMD_EXEC_PID', '1723'), ('IM_CONFIG_CHECK_ENV', '1'), ('DBUS_SESSION_BUS_ADDRESS', 'unix:path=/run/user/1000/bus'), ('ANTIGRAVITY_AGENT', '1'), ('GIO_LAUNCHED_DESKTOP_FILE_PID', '107508'), ('NVM_DIR', '/home/mahmoudkaoud/.nvm'), ('IM_CONFIG_PHASE', '1'), ('WAYLAND_DISPLAY', 'wayland-0'), ('COLCON_PREFIX_PATH', '/home/mahmoudkaoud/gproject_ws/install'), ('ROS_DISTRO', 'humble'), ('LOGNAME', 'mahmoudkaoud'), ('_', '/usr/bin/colcon'), ('JOURNAL_STREAM', '8:12283'), ('ROS_VERSION', '2'), ('XDG_SESSION_CLASS', 'user'), ('USERNAME', 'mahmoudkaoud'), ('TERM', 'dumb'), ('GAZEBO_MODEL_PATH', ':/home/mahmoudkaoud/gproject_ws/src/'), ('GNOME_DESKTOP_SESSION_ID', 'this-is-deprecated'), ('FC_FONTATIONS', '1'), ('ROS_LOCALHOST_ONLY', '0'), ('ANTIGRAVITY_EDITOR_APP_ROOT', '/usr/share/antigravity/resources/app'), ('PATH', '/home/mahmoudkaoud/.local/bin:/home/mahmoudkaoud/.nvm/versions/node/v20.20.2/bin:/opt/ros/humble/bin:/home/mahmoudkaoud/.local/bin:/usr/local/sbin:/usr/local/bin:/usr/sbin:/usr/bin:/sbin:/bin:/usr/games:/usr/local/games:/snap/bin:/snap/bin'), ('SESSION_MANAGER', 'local/mahmoudkaoud-Latitude-E7470:@/tmp/.ICE-unix/1692,unix/mahmoudkaoud-Latitude-E7470:/tmp/.ICE-unix/1692'), ('INVOCATION_ID', '2e5daec33bd24a268904e5d34ad2b09d'), ('PAPERSIZE', 'letter'), ('XDG_MENU_PREFIX', 'gnome-'), ('LC_ADDRESS', 'en_US.UTF-8'), ('GNOME_SETUP_DISPLAY', ':1'), ('XDG_RUNTIME_DIR', '/run/user/1000'), ('GDK_BACKEND', 'wayland'), ('DISPLAY', ':0'), ('LANG', 'en_US.UTF-8'), ('XDG_CURRENT_DESKTOP', 'ubuntu:GNOME'), ('LC_TELEPHONE', 'en_US.UTF-8'), ('RMW_IMPLEMENTATION', 'rmw_cyclonedds_cpp'), ('XMODIFIERS', '@im=ibus'), ('XDG_SESSION_DESKTOP', 'ubuntu'), ('XAUTHORITY', '/run/user/1000/.mutter-Xwaylandauth.QWYPR3'), ('LS_COLORS', ''), ('SSH_AGENT_LAUNCHER', 'gnome-keyring'), ('SSH_AUTH_SOCK', '/run/user/1000/keyring/ssh'), ('AMENT_PREFIX_PATH', '/home/mahmoudkaoud/gproject_ws/install/robot_navigation:/home/mahmoudkaoud/gproject_ws/install/diff_robot:/opt/ros/humble'), ('SHELL', '/bin/bash'), ('LC_NAME', 'en_US.UTF-8'), ('QT_ACCESSIBILITY', '1'), ('GDMSESSION', 'ubuntu'), ('LESSCLOSE', '/usr/bin/lesspipe %s %s'), ('LC_MEASUREMENT', 'en_US.UTF-8'), ('GJS_DEBUG_OUTPUT', 'stderr'), ('LC_IDENTIFICATION', 'en_US.UTF-8'), ('QT_IM_MODULE', 'ibus'), ('ANTIGRAVITY_TRAJECTORY_ID', 'b59570ad-7a21-4563-b1fc-c0cdf0078d3d'), ('PWD', '/home/mahmoudkaoud/gproject_ws/src/build/diff_robot'), ('LC_ALL', 'en_US.UTF-8'), ('XDG_CONFIG_DIRS', '/etc/xdg/xdg-ubuntu:/etc/xdg'), ('VSCODE_CODE_CACHE_PATH', '/home/mahmoudkaoud/.config/Antigravity/CachedData/15487b3041e65228cae24980a3f796c905ef582c'), ('NVM_CD_FLAGS', ''), ('XDG_DATA_DIRS', '/usr/share/ubuntu:/usr/local/share/:/usr/share/:/var/lib/snapd/desktop'), ('PYTHONPATH', '/opt/ros/humble/lib/python3.10/site-packages:/opt/ros/humble/local/lib/python3.10/dist-packages'), ('LC_NUMERIC', 'en_US.UTF-8'), ('LC_PAPER', 'en_US.UTF-8'), ('COLCON', '1'), ('CMAKE_PREFIX_PATH', '/home/mahmoudkaoud/gproject_ws/install/robot_navigation:/home/mahmoudkaoud/gproject_ws/install/diff_robot:/opt/ros/humble'), ('VSCODE_PID', '107508')]), 'shell': False}
[1.880491] (diff_robot) CommandEnded: {'returncode': 0}
[1.881279] (diff_robot) JobProgress: {'identifier': 'diff_robot', 'progress': 'install'}
[1.894263] (diff_robot) Command: {'cmd': ['/usr/bin/cmake', '--install', '/home/mahmoudkaoud/gproject_ws/src/build/diff_robot'], 'cwd': '/home/mahmoudkaoud/gproject_ws/src/build/diff_robot', 'env': OrderedDict([('GJS_DEBUG_TOPICS', 'JS ERROR;JS LOG'), ('LESSOPEN', '| /usr/bin/lesspipe %s'), ('VSCODE_CWD', '/home/mahmoudkaoud'), ('USER', 'mahmoudkaoud'), ('LC_TIME', 'en_US.UTF-8'), ('VSCODE_NLS_CONFIG', '{"userLocale":"en-us","osLocale":"en-us","resolvedLanguage":"en","defaultMessagesFile":"/usr/share/antigravity/resources/app/out/nls.messages.json","locale":"en-us","availableLanguages":{}}'), ('XDG_SESSION_TYPE', 'wayland'), ('STM32CubeMX_PATH', '/home/mahmoudkaoud/STM32CubeMX'), ('SHLVL', '0'), ('LD_LIBRARY_PATH', '/usr/lib/x86_64-linux-gnu/gazebo-11/plugins:/opt/ros/humble/opt/rviz_ogre_vendor/lib:/opt/ros/humble/lib/x86_64-linux-gnu:/opt/ros/humble/lib'), ('HOME', '/home/mahmoudkaoud'), ('CHROME_DESKTOP', 'antigravity.desktop'), ('DESKTOP_SESSION', 'ubuntu'), ('NVM_BIN', '/home/mahmoudkaoud/.nvm/versions/node/v20.20.2/bin'), ('NVM_INC', '/home/mahmoudkaoud/.nvm/versions/node/v20.20.2/include/node'), ('VSCODE_IPC_HOOK', '/run/user/1000/vscode-e903cf6d-1.10-main.sock'), ('GIO_LAUNCHED_DESKTOP_FILE', '/usr/share/applications/antigravity.desktop'), ('ROS_PYTHON_VERSION', '3'), ('GNOME_SHELL_SESSION_MODE', 'ubuntu'), ('GTK_MODULES', 'gail:atk-bridge'), ('PAGER', 'cat'), ('LC_MONETARY', 'en_US.UTF-8'), ('MANAGERPID', '1558'), ('SYSTEMD_EXEC_PID', '1723'), ('IM_CONFIG_CHECK_ENV', '1'), ('DBUS_SESSION_BUS_ADDRESS', 'unix:path=/run/user/1000/bus'), ('ANTIGRAVITY_AGENT', '1'), ('GIO_LAUNCHED_DESKTOP_FILE_PID', '107508'), ('NVM_DIR', '/home/mahmoudkaoud/.nvm'), ('IM_CONFIG_PHASE', '1'), ('WAYLAND_DISPLAY', 'wayland-0'), ('COLCON_PREFIX_PATH', '/home/mahmoudkaoud/gproject_ws/install'), ('ROS_DISTRO', 'humble'), ('LOGNAME', 'mahmoudkaoud'), ('_', '/usr/bin/colcon'), ('JOURNAL_STREAM', '8:12283'), ('ROS_VERSION', '2'), ('XDG_SESSION_CLASS', 'user'), ('USERNAME', 'mahmoudkaoud'), ('TERM', 'dumb'), ('GAZEBO_MODEL_PATH', ':/home/mahmoudkaoud/gproject_ws/src/'), ('GNOME_DESKTOP_SESSION_ID', 'this-is-deprecated'), ('FC_FONTATIONS', '1'), ('ROS_LOCALHOST_ONLY', '0'), ('ANTIGRAVITY_EDITOR_APP_ROOT', '/usr/share/antigravity/resources/app'), ('PATH', '/home/mahmoudkaoud/.local/bin:/home/mahmoudkaoud/.nvm/versions/node/v20.20.2/bin:/opt/ros/humble/bin:/home/mahmoudkaoud/.local/bin:/usr/local/sbin:/usr/local/bin:/usr/sbin:/usr/bin:/sbin:/bin:/usr/games:/usr/local/games:/snap/bin:/snap/bin'), ('SESSION_MANAGER', 'local/mahmoudkaoud-Latitude-E7470:@/tmp/.ICE-unix/1692,unix/mahmoudkaoud-Latitude-E7470:/tmp/.ICE-unix/1692'), ('INVOCATION_ID', '2e5daec33bd24a268904e5d34ad2b09d'), ('PAPERSIZE', 'letter'), ('XDG_MENU_PREFIX', 'gnome-'), ('LC_ADDRESS', 'en_US.UTF-8'), ('GNOME_SETUP_DISPLAY', ':1'), ('XDG_RUNTIME_DIR', '/run/user/1000'), ('GDK_BACKEND', 'wayland'), ('DISPLAY', ':0'), ('LANG', 'en_US.UTF-8'), ('XDG_CURRENT_DESKTOP', 'ubuntu:GNOME'), ('LC_TELEPHONE', 'en_US.UTF-8'), ('RMW_IMPLEMENTATION', 'rmw_cyclonedds_cpp'), ('XMODIFIERS', '@im=ibus'), ('XDG_SESSION_DESKTOP', 'ubuntu'), ('XAUTHORITY', '/run/user/1000/.mutter-Xwaylandauth.QWYPR3'), ('LS_COLORS', ''), ('SSH_AGENT_LAUNCHER', 'gnome-keyring'), ('SSH_AUTH_SOCK', '/run/user/1000/keyring/ssh'), ('AMENT_PREFIX_PATH', '/home/mahmoudkaoud/gproject_ws/install/robot_navigation:/home/mahmoudkaoud/gproject_ws/install/diff_robot:/opt/ros/humble'), ('SHELL', '/bin/bash'), ('LC_NAME', 'en_US.UTF-8'), ('QT_ACCESSIBILITY', '1'), ('GDMSESSION', 'ubuntu'), ('LESSCLOSE', '/usr/bin/lesspipe %s %s'), ('LC_MEASUREMENT', 'en_US.UTF-8'), ('GJS_DEBUG_OUTPUT', 'stderr'), ('LC_IDENTIFICATION', 'en_US.UTF-8'), ('QT_IM_MODULE', 'ibus'), ('ANTIGRAVITY_TRAJECTORY_ID', 'b59570ad-7a21-4563-b1fc-c0cdf0078d3d'), ('PWD', '/home/mahmoudkaoud/gproject_ws/src/build/diff_robot'), ('LC_ALL', 'en_US.UTF-8'), ('XDG_CONFIG_DIRS', '/etc/xdg/xdg-ubuntu:/etc/xdg'), ('VSCODE_CODE_CACHE_PATH', '/home/mahmoudkaoud/.config/Antigravity/CachedData/15487b3041e65228cae24980a3f796c905ef582c'), ('NVM_CD_FLAGS', ''), ('XDG_DATA_DIRS', '/usr/share/ubuntu:/usr/local/share/:/usr/share/:/var/lib/snapd/desktop'), ('PYTHONPATH', '/opt/ros/humble/lib/python3.10/site-packages:/opt/ros/humble/local/lib/python3.10/dist-packages'), ('LC_NUMERIC', 'en_US.UTF-8'), ('LC_PAPER', 'en_US.UTF-8'), ('COLCON', '1'), ('CMAKE_PREFIX_PATH', '/home/mahmoudkaoud/gproject_ws/install/robot_navigation:/home/mahmoudkaoud/gproject_ws/install/diff_robot:/opt/ros/humble'), ('VSCODE_PID', '107508')]), 'shell': False}
[1.901907] (-) TimerEvent: {}
[1.907675] (diff_robot) StdoutLine: {'line': b'-- Install configuration: ""\n'}
[1.907921] (diff_robot) StdoutLine: {'line': b'-- Installing: /home/mahmoudkaoud/gproject_ws/src/install/diff_robot/share/diff_robot/urdf\n'}
[1.908159] (diff_robot) StdoutLine: {'line': b'-- Installing: /home/mahmoudkaoud/gproject_ws/src/install/diff_robot/share/diff_robot/urdf/gazebo_control.xacro\n'}
[1.908368] (diff_robot) StdoutLine: {'line': b'-- Installing: /home/mahmoudkaoud/gproject_ws/src/install/diff_robot/share/diff_robot/urdf/control.xacro\n'}
[1.908601] (diff_robot) StdoutLine: {'line': b'-- Installing: /home/mahmoudkaoud/gproject_ws/src/install/diff_robot/share/diff_robot/urdf/wheels.xacro\n'}
[1.908903] (diff_robot) StdoutLine: {'line': b'-- Installing: /home/mahmoudkaoud/gproject_ws/src/install/diff_robot/share/diff_robot/urdf/imu.xacro\n'}
[1.909169] (diff_robot) StdoutLine: {'line': b'-- Installing: /home/mahmoudkaoud/gproject_ws/src/install/diff_robot/share/diff_robot/urdf/inertial_macros.xacro\n'}
[1.910720] (diff_robot) StdoutLine: {'line': b'-- Installing: /home/mahmoudkaoud/gproject_ws/src/install/diff_robot/share/diff_robot/urdf/properties.xacro\n'}
[1.910973] (diff_robot) StdoutLine: {'line': b'-- Installing: /home/mahmoudkaoud/gproject_ws/src/install/diff_robot/share/diff_robot/urdf/chassis.xacro\n'}
[1.911173] (diff_robot) StdoutLine: {'line': b'-- Installing: /home/mahmoudkaoud/gproject_ws/src/install/diff_robot/share/diff_robot/urdf/robot.urdf.xacro\n'}
[1.913044] (diff_robot) StdoutLine: {'line': b'-- Installing: /home/mahmoudkaoud/gproject_ws/src/install/diff_robot/share/diff_robot/urdf/caster_wheel.xacro\n'}
[1.913483] (diff_robot) StdoutLine: {'line': b'-- Installing: /home/mahmoudkaoud/gproject_ws/src/install/diff_robot/share/diff_robot/urdf/lidar.xacro\n'}
[1.913685] (diff_robot) StdoutLine: {'line': b'-- Installing: /home/mahmoudkaoud/gproject_ws/src/install/diff_robot/share/diff_robot/launch\n'}
[1.913853] (diff_robot) StdoutLine: {'line': b'-- Installing: /home/mahmoudkaoud/gproject_ws/src/install/diff_robot/share/diff_robot/launch/simulation.launch.py\n'}
[1.914123] (diff_robot) StdoutLine: {'line': b'-- Installing: /home/mahmoudkaoud/gproject_ws/src/install/diff_robot/share/diff_robot/launch/robot.launch.py\n'}
[1.914341] (diff_robot) StdoutLine: {'line': b'-- Installing: /home/mahmoudkaoud/gproject_ws/src/install/diff_robot/share/diff_robot/launch/rsp.launch.py\n'}
[1.914503] (diff_robot) StdoutLine: {'line': b'-- Installing: /home/mahmoudkaoud/gproject_ws/src/install/diff_robot/share/diff_robot/worlds\n'}
[1.914667] (diff_robot) StdoutLine: {'line': b'-- Installing: /home/mahmoudkaoud/gproject_ws/src/install/diff_robot/share/diff_robot/worlds/sim_world.world\n'}
[1.914835] (diff_robot) StdoutLine: {'line': b'-- Installing: /home/mahmoudkaoud/gproject_ws/src/install/diff_robot/share/diff_robot/rviz\n'}
[1.914993] (diff_robot) StdoutLine: {'line': b'-- Installing: /home/mahmoudkaoud/gproject_ws/src/install/diff_robot/share/diff_robot/rviz/show_robot.rviz\n'}
[1.915262] (diff_robot) StdoutLine: {'line': b'-- Installing: /home/mahmoudkaoud/gproject_ws/src/install/diff_robot/share/diff_robot/config\n'}
[1.915430] (diff_robot) StdoutLine: {'line': b'-- Installing: /home/mahmoudkaoud/gproject_ws/src/install/diff_robot/share/diff_robot/config/diff_drive_controller.yaml\n'}
[1.915595] (diff_robot) StdoutLine: {'line': b'-- Installing: /home/mahmoudkaoud/gproject_ws/src/install/diff_robot/share/ament_index/resource_index/package_run_dependencies/diff_robot\n'}
[1.915749] (diff_robot) StdoutLine: {'line': b'-- Installing: /home/mahmoudkaoud/gproject_ws/src/install/diff_robot/share/ament_index/resource_index/parent_prefix_path/diff_robot\n'}
[1.915911] (diff_robot) StdoutLine: {'line': b'-- Installing: /home/mahmoudkaoud/gproject_ws/src/install/diff_robot/share/diff_robot/environment/ament_prefix_path.sh\n'}
[1.916177] (diff_robot) StdoutLine: {'line': b'-- Installing: /home/mahmoudkaoud/gproject_ws/src/install/diff_robot/share/diff_robot/environment/ament_prefix_path.dsv\n'}
[1.916352] (diff_robot) StdoutLine: {'line': b'-- Installing: /home/mahmoudkaoud/gproject_ws/src/install/diff_robot/share/diff_robot/environment/path.sh\n'}
[1.916514] (diff_robot) StdoutLine: {'line': b'-- Installing: /home/mahmoudkaoud/gproject_ws/src/install/diff_robot/share/diff_robot/environment/path.dsv\n'}
[1.916675] (diff_robot) StdoutLine: {'line': b'-- Installing: /home/mahmoudkaoud/gproject_ws/src/install/diff_robot/share/diff_robot/local_setup.bash\n'}
[1.916836] (diff_robot) StdoutLine: {'line': b'-- Installing: /home/mahmoudkaoud/gproject_ws/src/install/diff_robot/share/diff_robot/local_setup.sh\n'}
[1.917057] (diff_robot) StdoutLine: {'line': b'-- Installing: /home/mahmoudkaoud/gproject_ws/src/install/diff_robot/share/diff_robot/local_setup.zsh\n'}
[1.917301] (diff_robot) StdoutLine: {'line': b'-- Installing: /home/mahmoudkaoud/gproject_ws/src/install/diff_robot/share/diff_robot/local_setup.dsv\n'}
[1.917465] (diff_robot) StdoutLine: {'line': b'-- Installing: /home/mahmoudkaoud/gproject_ws/src/install/diff_robot/share/diff_robot/package.dsv\n'}
[1.917634] (diff_robot) StdoutLine: {'line': b'-- Installing: /home/mahmoudkaoud/gproject_ws/src/install/diff_robot/share/ament_index/resource_index/packages/diff_robot\n'}
[1.917902] (diff_robot) StdoutLine: {'line': b'-- Installing: /home/mahmoudkaoud/gproject_ws/src/install/diff_robot/share/diff_robot/cmake/diff_robotConfig.cmake\n'}
[1.918081] (diff_robot) StdoutLine: {'line': b'-- Installing: /home/mahmoudkaoud/gproject_ws/src/install/diff_robot/share/diff_robot/cmake/diff_robotConfig-version.cmake\n'}
[1.918258] (diff_robot) StdoutLine: {'line': b'-- Installing: /home/mahmoudkaoud/gproject_ws/src/install/diff_robot/share/diff_robot/package.xml\n'}
[1.920583] (diff_robot) CommandEnded: {'returncode': 0}
[1.952949] (diff_robot) JobEnded: {'identifier': 'diff_robot', 'rc': 0}
[1.953999] (-) EventReactorShutdown: {}
