[0.022s] Invoking command in '/home/mahmoudkaoud/gproject_ws/src/build/robot_navigation': CMAKE_PREFIX_PATH=${CMAKE_PREFIX_PATH}:/opt/ros/humble /usr/bin/cmake /home/mahmoudkaoud/gproject_ws/src/robot_navigation -DCMAKE_INSTALL_PREFIX=/home/mahmoudkaoud/gproject_ws/src/install/robot_navigation
[0.126s] -- The C compiler identification is GNU 11.4.0
[0.234s] -- The CXX compiler identification is GNU 11.4.0
[0.250s] -- Detecting C compiler ABI info
[0.368s] -- Detecting C compiler ABI info - done
[0.378s] -- Check for working C compiler: /usr/bin/cc - skipped
[0.378s] -- Detecting C compile features
[0.379s] -- Detecting C compile features - done
[0.384s] -- Detecting CXX compiler ABI info
[0.521s] -- Detecting CXX compiler ABI info - done
[0.533s] -- Check for working CXX compiler: /usr/bin/c++ - skipped
[0.534s] -- Detecting CXX compile features
[0.535s] -- Detecting CXX compile features - done
[0.540s] -- Found ament_cmake: 1.3.12 (/opt/ros/humble/share/ament_cmake/cmake)
[0.791s] -- Found Python3: /usr/bin/python3 (found version "3.10.12") found components: Interpreter 
[0.969s] -- Found rclcpp: 16.0.14 (/opt/ros/humble/share/rclcpp/cmake)
[1.050s] -- Found rosidl_generator_c: 3.1.7 (/opt/ros/humble/share/rosidl_generator_c/cmake)
[1.054s] -- Found rosidl_adapter: 3.1.7 (/opt/ros/humble/share/rosidl_adapter/cmake)
[1.070s] -- Found rosidl_generator_cpp: 3.1.7 (/opt/ros/humble/share/rosidl_generator_cpp/cmake)
[1.094s] -- Using all available rosidl_typesupport_c: rosidl_typesupport_fastrtps_c;rosidl_typesupport_introspection_c
[1.122s] -- Using all available rosidl_typesupport_cpp: rosidl_typesupport_fastrtps_cpp;rosidl_typesupport_introspection_cpp
[1.211s] -- Found rmw_implementation_cmake: 6.1.2 (/opt/ros/humble/share/rmw_implementation_cmake/cmake)
[1.216s] -- Found rmw_cyclonedds_cpp: 1.3.4 (/opt/ros/humble/share/rmw_cyclonedds_cpp/cmake)
[1.273s] -- Using RMW implementation 'rmw_cyclonedds_cpp' as default
[1.288s] -- Looking for pthread.h
[1.402s] -- Looking for pthread.h - found
[1.403s] -- Performing Test CMAKE_HAVE_LIBC_PTHREAD
[1.536s] -- Performing Test CMAKE_HAVE_LIBC_PTHREAD - Success
[1.536s] -- Found Threads: TRUE  
[1.634s] -- Found ament_lint_auto: 0.12.14 (/opt/ros/humble/share/ament_lint_auto/cmake)
[1.770s] -- Added test 'flake8' to check Python code syntax and style conventions
[1.771s] -- Added test 'lint_cmake' to check CMake code style
[1.772s] -- Added test 'pep257' to check Python code against some of the docstring style conventions in PEP 257
[1.776s] -- Added test 'xmllint' to check XML markup files
[1.780s] -- Configuring done
[1.785s] -- Generating done
[1.790s] -- Build files have been written to: /home/mahmoudkaoud/gproject_ws/src/build/robot_navigation
[1.802s] Invoked command in '/home/mahmoudkaoud/gproject_ws/src/build/robot_navigation' returned '0': CMAKE_PREFIX_PATH=${CMAKE_PREFIX_PATH}:/opt/ros/humble /usr/bin/cmake /home/mahmoudkaoud/gproject_ws/src/robot_navigation -DCMAKE_INSTALL_PREFIX=/home/mahmoudkaoud/gproject_ws/src/install/robot_navigation
[1.806s] Invoking command in '/home/mahmoudkaoud/gproject_ws/src/build/robot_navigation': CMAKE_PREFIX_PATH=${CMAKE_PREFIX_PATH}:/opt/ros/humble /usr/bin/cmake --build /home/mahmoudkaoud/gproject_ws/src/build/robot_navigation -- -j4 -l4
[1.871s] Invoked command in '/home/mahmoudkaoud/gproject_ws/src/build/robot_navigation' returned '0': CMAKE_PREFIX_PATH=${CMAKE_PREFIX_PATH}:/opt/ros/humble /usr/bin/cmake --build /home/mahmoudkaoud/gproject_ws/src/build/robot_navigation -- -j4 -l4
[1.887s] Invoking command in '/home/mahmoudkaoud/gproject_ws/src/build/robot_navigation': CMAKE_PREFIX_PATH=${CMAKE_PREFIX_PATH}:/opt/ros/humble /usr/bin/cmake --install /home/mahmoudkaoud/gproject_ws/src/build/robot_navigation
[1.898s] -- Install configuration: ""
[1.898s] -- Installing: /home/mahmoudkaoud/gproject_ws/src/install/robot_navigation/share/robot_navigation/launch
[1.898s] -- Installing: /home/mahmoudkaoud/gproject_ws/src/install/robot_navigation/share/robot_navigation/launch/mapping.launch.py
[1.899s] -- Installing: /home/mahmoudkaoud/gproject_ws/src/install/robot_navigation/share/robot_navigation/launch/navigation.launch.py
[1.899s] -- Installing: /home/mahmoudkaoud/gproject_ws/src/install/robot_navigation/share/robot_navigation/launch/localization.launch.py
[1.899s] -- Installing: /home/mahmoudkaoud/gproject_ws/src/install/robot_navigation/share/robot_navigation/config
[1.899s] -- Installing: /home/mahmoudkaoud/gproject_ws/src/install/robot_navigation/share/robot_navigation/config/recovery.yaml
[1.900s] -- Installing: /home/mahmoudkaoud/gproject_ws/src/install/robot_navigation/share/robot_navigation/config/office_map.yaml
[1.900s] -- Installing: /home/mahmoudkaoud/gproject_ws/src/install/robot_navigation/share/robot_navigation/config/ekf_sensor_fusion.yaml
[1.900s] -- Installing: /home/mahmoudkaoud/gproject_ws/src/install/robot_navigation/share/robot_navigation/config/bt_navigator.yaml
[1.900s] -- Installing: /home/mahmoudkaoud/gproject_ws/src/install/robot_navigation/share/robot_navigation/config/home_map.yaml
[1.900s] -- Installing: /home/mahmoudkaoud/gproject_ws/src/install/robot_navigation/share/robot_navigation/config/office_map.pgm
[1.901s] -- Installing: /home/mahmoudkaoud/gproject_ws/src/install/robot_navigation/share/robot_navigation/config/amcl_config.yaml
[1.901s] -- Installing: /home/mahmoudkaoud/gproject_ws/src/install/robot_navigation/share/robot_navigation/config/mapper_params_localization.yaml
[1.901s] -- Installing: /home/mahmoudkaoud/gproject_ws/src/install/robot_navigation/share/robot_navigation/config/controller.yaml
[1.901s] -- Installing: /home/mahmoudkaoud/gproject_ws/src/install/robot_navigation/share/robot_navigation/config/behavior.xml
[1.901s] -- Installing: /home/mahmoudkaoud/gproject_ws/src/install/robot_navigation/share/robot_navigation/config/home_map.pgm
[1.902s] -- Installing: /home/mahmoudkaoud/gproject_ws/src/install/robot_navigation/share/robot_navigation/config/planner_server.yaml
[1.902s] -- Installing: /home/mahmoudkaoud/gproject_ws/src/install/robot_navigation/share/robot_navigation/rviz
[1.902s] -- Installing: /home/mahmoudkaoud/gproject_ws/src/install/robot_navigation/share/robot_navigation/rviz/navigation_1.rviz
[1.902s] -- Installing: /home/mahmoudkaoud/gproject_ws/src/install/robot_navigation/lib/robot_navigation/coverage_planner.py
[1.903s] -- Installing: /home/mahmoudkaoud/gproject_ws/src/install/robot_navigation/share/ament_index/resource_index/package_run_dependencies/robot_navigation
[1.903s] -- Installing: /home/mahmoudkaoud/gproject_ws/src/install/robot_navigation/share/ament_index/resource_index/parent_prefix_path/robot_navigation
[1.903s] -- Installing: /home/mahmoudkaoud/gproject_ws/src/install/robot_navigation/share/robot_navigation/environment/ament_prefix_path.sh
[1.904s] -- Installing: /home/mahmoudkaoud/gproject_ws/src/install/robot_navigation/share/robot_navigation/environment/ament_prefix_path.dsv
[1.904s] -- Installing: /home/mahmoudkaoud/gproject_ws/src/install/robot_navigation/share/robot_navigation/environment/path.sh
[1.904s] -- Installing: /home/mahmoudkaoud/gproject_ws/src/install/robot_navigation/share/robot_navigation/environment/path.dsv
[1.904s] -- Installing: /home/mahmoudkaoud/gproject_ws/src/install/robot_navigation/share/robot_navigation/local_setup.bash
[1.905s] -- Installing: /home/mahmoudkaoud/gproject_ws/src/install/robot_navigation/share/robot_navigation/local_setup.sh
[1.905s] -- Installing: /home/mahmoudkaoud/gproject_ws/src/install/robot_navigation/share/robot_navigation/local_setup.zsh
[1.905s] -- Installing: /home/mahmoudkaoud/gproject_ws/src/install/robot_navigation/share/robot_navigation/local_setup.dsv
[1.906s] -- Installing: /home/mahmoudkaoud/gproject_ws/src/install/robot_navigation/share/robot_navigation/package.dsv
[1.906s] -- Installing: /home/mahmoudkaoud/gproject_ws/src/install/robot_navigation/share/ament_index/resource_index/packages/robot_navigation
[1.906s] -- Installing: /home/mahmoudkaoud/gproject_ws/src/install/robot_navigation/share/robot_navigation/cmake/robot_navigationConfig.cmake
[1.906s] -- Installing: /home/mahmoudkaoud/gproject_ws/src/install/robot_navigation/share/robot_navigation/cmake/robot_navigationConfig-version.cmake
[1.907s] -- Installing: /home/mahmoudkaoud/gproject_ws/src/install/robot_navigation/share/robot_navigation/package.xml
[1.911s] Invoked command in '/home/mahmoudkaoud/gproject_ws/src/build/robot_navigation' returned '0': CMAKE_PREFIX_PATH=${CMAKE_PREFIX_PATH}:/opt/ros/humble /usr/bin/cmake --install /home/mahmoudkaoud/gproject_ws/src/build/robot_navigation
