[0.019s] Invoking command in '/home/mahmoudkaoud/gproject_ws/src/build/diff_robot': CMAKE_PREFIX_PATH=${CMAKE_PREFIX_PATH}:/opt/ros/humble /usr/bin/cmake /home/mahmoudkaoud/gproject_ws/src/diff_robot -DCMAKE_INSTALL_PREFIX=/home/mahmoudkaoud/gproject_ws/src/install/diff_robot
[0.115s] -- The C compiler identification is GNU 11.4.0
[0.211s] -- The CXX compiler identification is GNU 11.4.0
[0.223s] -- Detecting C compiler ABI info
[0.337s] -- Detecting C compiler ABI info - done
[0.357s] -- Check for working C compiler: /usr/bin/cc - skipped
[0.357s] -- Detecting C compile features
[0.358s] -- Detecting C compile features - done
[0.363s] -- Detecting CXX compiler ABI info
[0.492s] -- Detecting CXX compiler ABI info - done
[0.511s] -- Check for working CXX compiler: /usr/bin/c++ - skipped
[0.511s] -- Detecting CXX compile features
[0.512s] -- Detecting CXX compile features - done
[0.517s] -- Found ament_cmake: 1.3.12 (/opt/ros/humble/share/ament_cmake/cmake)
[0.782s] -- Found Python3: /usr/bin/python3 (found version "3.10.12") found components: Interpreter 
[0.940s] -- Found rclcpp: 16.0.14 (/opt/ros/humble/share/rclcpp/cmake)
[1.023s] -- Found rosidl_generator_c: 3.1.7 (/opt/ros/humble/share/rosidl_generator_c/cmake)
[1.034s] -- Found rosidl_adapter: 3.1.7 (/opt/ros/humble/share/rosidl_adapter/cmake)
[1.052s] -- Found rosidl_generator_cpp: 3.1.7 (/opt/ros/humble/share/rosidl_generator_cpp/cmake)
[1.073s] -- Using all available rosidl_typesupport_c: rosidl_typesupport_fastrtps_c;rosidl_typesupport_introspection_c
[1.100s] -- Using all available rosidl_typesupport_cpp: rosidl_typesupport_fastrtps_cpp;rosidl_typesupport_introspection_cpp
[1.186s] -- Found rmw_implementation_cmake: 6.1.2 (/opt/ros/humble/share/rmw_implementation_cmake/cmake)
[1.192s] -- Found rmw_cyclonedds_cpp: 1.3.4 (/opt/ros/humble/share/rmw_cyclonedds_cpp/cmake)
[1.231s] -- Using RMW implementation 'rmw_cyclonedds_cpp' as default
[1.252s] -- Looking for pthread.h
[1.392s] -- Looking for pthread.h - found
[1.393s] -- Performing Test CMAKE_HAVE_LIBC_PTHREAD
[1.511s] -- Performing Test CMAKE_HAVE_LIBC_PTHREAD - Success
[1.513s] -- Found Threads: TRUE  
[1.606s] -- Found ament_lint_auto: 0.12.14 (/opt/ros/humble/share/ament_lint_auto/cmake)
[1.776s] -- Added test 'flake8' to check Python code syntax and style conventions
[1.778s] -- Added test 'lint_cmake' to check CMake code style
[1.779s] -- Added test 'pep257' to check Python code against some of the docstring style conventions in PEP 257
[1.783s] -- Added test 'xmllint' to check XML markup files
[1.785s] -- Configuring done
[1.794s] -- Generating done
[1.797s] -- Build files have been written to: /home/mahmoudkaoud/gproject_ws/src/build/diff_robot
[1.812s] Invoked command in '/home/mahmoudkaoud/gproject_ws/src/build/diff_robot' returned '0': CMAKE_PREFIX_PATH=${CMAKE_PREFIX_PATH}:/opt/ros/humble /usr/bin/cmake /home/mahmoudkaoud/gproject_ws/src/diff_robot -DCMAKE_INSTALL_PREFIX=/home/mahmoudkaoud/gproject_ws/src/install/diff_robot
[1.814s] Invoking command in '/home/mahmoudkaoud/gproject_ws/src/build/diff_robot': CMAKE_PREFIX_PATH=${CMAKE_PREFIX_PATH}:/opt/ros/humble /usr/bin/cmake --build /home/mahmoudkaoud/gproject_ws/src/build/diff_robot -- -j4 -l4
[1.880s] Invoked command in '/home/mahmoudkaoud/gproject_ws/src/build/diff_robot' returned '0': CMAKE_PREFIX_PATH=${CMAKE_PREFIX_PATH}:/opt/ros/humble /usr/bin/cmake --build /home/mahmoudkaoud/gproject_ws/src/build/diff_robot -- -j4 -l4
[1.894s] Invoking command in '/home/mahmoudkaoud/gproject_ws/src/build/diff_robot': CMAKE_PREFIX_PATH=${CMAKE_PREFIX_PATH}:/opt/ros/humble /usr/bin/cmake --install /home/mahmoudkaoud/gproject_ws/src/build/diff_robot
[1.907s] -- Install configuration: ""
[1.908s] -- Installing: /home/mahmoudkaoud/gproject_ws/src/install/diff_robot/share/diff_robot/urdf
[1.908s] -- Installing: /home/mahmoudkaoud/gproject_ws/src/install/diff_robot/share/diff_robot/urdf/gazebo_control.xacro
[1.908s] -- Installing: /home/mahmoudkaoud/gproject_ws/src/install/diff_robot/share/diff_robot/urdf/control.xacro
[1.908s] -- Installing: /home/mahmoudkaoud/gproject_ws/src/install/diff_robot/share/diff_robot/urdf/wheels.xacro
[1.909s] -- Installing: /home/mahmoudkaoud/gproject_ws/src/install/diff_robot/share/diff_robot/urdf/imu.xacro
[1.909s] -- Installing: /home/mahmoudkaoud/gproject_ws/src/install/diff_robot/share/diff_robot/urdf/inertial_macros.xacro
[1.910s] -- Installing: /home/mahmoudkaoud/gproject_ws/src/install/diff_robot/share/diff_robot/urdf/properties.xacro
[1.911s] -- Installing: /home/mahmoudkaoud/gproject_ws/src/install/diff_robot/share/diff_robot/urdf/chassis.xacro
[1.911s] -- Installing: /home/mahmoudkaoud/gproject_ws/src/install/diff_robot/share/diff_robot/urdf/robot.urdf.xacro
[1.913s] -- Installing: /home/mahmoudkaoud/gproject_ws/src/install/diff_robot/share/diff_robot/urdf/caster_wheel.xacro
[1.913s] -- Installing: /home/mahmoudkaoud/gproject_ws/src/install/diff_robot/share/diff_robot/urdf/lidar.xacro
[1.913s] -- Installing: /home/mahmoudkaoud/gproject_ws/src/install/diff_robot/share/diff_robot/launch
[1.914s] -- Installing: /home/mahmoudkaoud/gproject_ws/src/install/diff_robot/share/diff_robot/launch/simulation.launch.py
[1.914s] -- Installing: /home/mahmoudkaoud/gproject_ws/src/install/diff_robot/share/diff_robot/launch/robot.launch.py
[1.914s] -- Installing: /home/mahmoudkaoud/gproject_ws/src/install/diff_robot/share/diff_robot/launch/rsp.launch.py
[1.914s] -- Installing: /home/mahmoudkaoud/gproject_ws/src/install/diff_robot/share/diff_robot/worlds
[1.914s] -- Installing: /home/mahmoudkaoud/gproject_ws/src/install/diff_robot/share/diff_robot/worlds/sim_world.world
[1.914s] -- Installing: /home/mahmoudkaoud/gproject_ws/src/install/diff_robot/share/diff_robot/rviz
[1.915s] -- Installing: /home/mahmoudkaoud/gproject_ws/src/install/diff_robot/share/diff_robot/rviz/show_robot.rviz
[1.915s] -- Installing: /home/mahmoudkaoud/gproject_ws/src/install/diff_robot/share/diff_robot/config
[1.915s] -- Installing: /home/mahmoudkaoud/gproject_ws/src/install/diff_robot/share/diff_robot/config/diff_drive_controller.yaml
[1.915s] -- Installing: /home/mahmoudkaoud/gproject_ws/src/install/diff_robot/share/ament_index/resource_index/package_run_dependencies/diff_robot
[1.915s] -- Installing: /home/mahmoudkaoud/gproject_ws/src/install/diff_robot/share/ament_index/resource_index/parent_prefix_path/diff_robot
[1.916s] -- Installing: /home/mahmoudkaoud/gproject_ws/src/install/diff_robot/share/diff_robot/environment/ament_prefix_path.sh
[1.916s] -- Installing: /home/mahmoudkaoud/gproject_ws/src/install/diff_robot/share/diff_robot/environment/ament_prefix_path.dsv
[1.916s] -- Installing: /home/mahmoudkaoud/gproject_ws/src/install/diff_robot/share/diff_robot/environment/path.sh
[1.916s] -- Installing: /home/mahmoudkaoud/gproject_ws/src/install/diff_robot/share/diff_robot/environment/path.dsv
[1.916s] -- Installing: /home/mahmoudkaoud/gproject_ws/src/install/diff_robot/share/diff_robot/local_setup.bash
[1.916s] -- Installing: /home/mahmoudkaoud/gproject_ws/src/install/diff_robot/share/diff_robot/local_setup.sh
[1.917s] -- Installing: /home/mahmoudkaoud/gproject_ws/src/install/diff_robot/share/diff_robot/local_setup.zsh
[1.917s] -- Installing: /home/mahmoudkaoud/gproject_ws/src/install/diff_robot/share/diff_robot/local_setup.dsv
[1.917s] -- Installing: /home/mahmoudkaoud/gproject_ws/src/install/diff_robot/share/diff_robot/package.dsv
[1.917s] -- Installing: /home/mahmoudkaoud/gproject_ws/src/install/diff_robot/share/ament_index/resource_index/packages/diff_robot
[1.918s] -- Installing: /home/mahmoudkaoud/gproject_ws/src/install/diff_robot/share/diff_robot/cmake/diff_robotConfig.cmake
[1.918s] -- Installing: /home/mahmoudkaoud/gproject_ws/src/install/diff_robot/share/diff_robot/cmake/diff_robotConfig-version.cmake
[1.918s] -- Installing: /home/mahmoudkaoud/gproject_ws/src/install/diff_robot/share/diff_robot/package.xml
[1.921s] Invoked command in '/home/mahmoudkaoud/gproject_ws/src/build/diff_robot' returned '0': CMAKE_PREFIX_PATH=${CMAKE_PREFIX_PATH}:/opt/ros/humble /usr/bin/cmake --install /home/mahmoudkaoud/gproject_ws/src/build/diff_robot
